// Jest Snapshot v1, https://goo.gl/fbAQLP

exports[`Should render indidual list item 1`] = `
<tr>
  <td>
    <Link
      to="edit/1"
    >
      Gum
    </Link>
  </td>
  <td>
    $1.95
  </td>
  <td>
    January 1st, 1970
  </td>
</tr>
`;
